[2025-05-04 15:31:54,470 I 1715955 1715955] (raylet) main.cc:226: Setting cluster ID to: 18ee7356c36074ced58d9d6a464a7d22c17a997d386d1f6677b76054
[2025-05-04 15:31:54,478 I 1715955 1715955] (raylet) main.cc:341: Raylet is not set to kill unknown children.
[2025-05-04 15:31:54,478 I 1715955 1715955] (raylet) io_service_pool.cc:35: IOServicePool is running with 1 io_service.
[2025-05-04 15:31:54,478 I 1715955 1715955] (raylet) main.cc:471: Setting node ID node_id=2f7fe2ddd5762cc8a1e7f9da2223784bc20b97bbad230ae86f24f062
[2025-05-04 15:31:54,479 I 1715955 1715955] (raylet) store_runner.cc:33: Allowing the Plasma store to use up to 32.7485GB of memory.
[2025-05-04 15:31:54,480 I 1715955 1715955] (raylet) store_runner.cc:49: Starting object store with directory /dev/shm, fallback /home/stud/wxie/EasyR1/ray, and huge page support disabled
[2025-05-04 15:31:54,480 I 1715955 1715983] (raylet) dlmalloc.cc:154: create_and_mmap_buffer(32748601352, /dev/shm/plasmaXXXXXX)
[2025-05-04 15:31:54,482 I 1715955 1715983] (raylet) store.cc:564: Plasma store debug dump: 
Current usage: 0 / 32.7485 GB
- num bytes created total: 0
0 pending objects of total size 0MB
- objects spillable: 0
- bytes spillable: 0
- objects unsealed: 0
- bytes unsealed: 0
- objects in use: 0
- bytes in use: 0
- objects evictable: 0
- bytes evictable: 0

- objects created by worker: 0
- bytes created by worker: 0
- objects restored: 0
- bytes restored: 0
- objects received: 0
- bytes received: 0
- objects errored: 0
- bytes errored: 0

[2025-05-04 15:31:55,485 I 1715955 1715955] (raylet) grpc_server.cc:135: ObjectManager server started, listening on port 34963.
[2025-05-04 15:31:55,488 I 1715955 1715955] (raylet) worker_killing_policy.cc:101: Running GroupByOwner policy.
[2025-05-04 15:31:55,488 W 1715955 1715955] (raylet) memory_monitor.cc:198: Got negative used memory for cgroup -1, setting it to zero
[2025-05-04 15:31:55,488 I 1715955 1715955] (raylet) memory_monitor.cc:48: MemoryMonitor initialized with usage threshold at 128114286592 bytes (0.95 system memory), total system memory bytes: 134857150464
[2025-05-04 15:31:55,488 I 1715955 1715955] (raylet) node_manager.cc:295: Initializing NodeManager node_id=2f7fe2ddd5762cc8a1e7f9da2223784bc20b97bbad230ae86f24f062
[2025-05-04 15:31:55,489 I 1715955 1715955] (raylet) grpc_server.cc:135: NodeManager server started, listening on port 37877.
[2025-05-04 15:31:55,499 I 1715955 1716080] (raylet) agent_manager.cc:78: Monitor agent process with name dashboard_agent/424238335
[2025-05-04 15:31:55,500 I 1715955 1716082] (raylet) agent_manager.cc:78: Monitor agent process with name runtime_env_agent
[2025-05-04 15:31:55,502 I 1715955 1715955] (raylet) event.cc:500: Ray Event initialized for RAYLET
[2025-05-04 15:31:55,502 I 1715955 1715955] (raylet) event.cc:331: Set ray event level to warning
[2025-05-04 15:31:55,504 I 1715955 1715955] (raylet) raylet.cc:134: Raylet of id, 2f7fe2ddd5762cc8a1e7f9da2223784bc20b97bbad230ae86f24f062 started. Raylet consists of node_manager and object_manager. node_manager address: 10.153.51.195:37877 object_manager address: 10.153.51.195:34963 hostname: marajo
[2025-05-04 15:31:55,511 I 1715955 1715955] (raylet) node_manager.cc:532: [state-dump] NodeManager:
[state-dump] Node ID: 2f7fe2ddd5762cc8a1e7f9da2223784bc20b97bbad230ae86f24f062
[state-dump] Node name: 10.153.51.195
[state-dump] InitialConfigResources: {node:10.153.51.195: 10000, object_store_memory: 327484723200000, node:__internal_head__: 10000, memory: 664131020800000, accelerator_type:H100: 10000, GPU: 10000, CPU: 320000}
[state-dump] ClusterTaskManager:
[state-dump] ========== Node: 2f7fe2ddd5762cc8a1e7f9da2223784bc20b97bbad230ae86f24f062 =================
[state-dump] Infeasible queue length: 0
[state-dump] Schedule queue length: 0
[state-dump] Dispatch queue length: 0
[state-dump] num_waiting_for_resource: 0
[state-dump] num_waiting_for_plasma_memory: 0
[state-dump] num_waiting_for_remote_node_resources: 0
[state-dump] num_worker_not_started_by_job_config_not_exist: 0
[state-dump] num_worker_not_started_by_registration_timeout: 0
[state-dump] num_tasks_waiting_for_workers: 0
[state-dump] num_cancelled_tasks: 0
[state-dump] cluster_resource_scheduler state: 
[state-dump] Local id: 4792157046672592556 Local resources: {"total":{CPU: [320000], node:10.153.51.195: [10000], memory: [664131020800000], node:__internal_head__: [10000], object_store_memory: [327484723200000], GPU: [10000], accelerator_type:H100: [10000]}}, "available": {CPU: [320000], node:10.153.51.195: [10000], memory: [664131020800000], node:__internal_head__: [10000], object_store_memory: [327484723200000], GPU: [10000], accelerator_type:H100: [10000]}}, "labels":{"ray.io/node_id":"2f7fe2ddd5762cc8a1e7f9da2223784bc20b97bbad230ae86f24f062",} is_draining: 0 is_idle: 1 Cluster resources: node id: 4792157046672592556{"total":{node:10.153.51.195: 10000, object_store_memory: 327484723200000, node:__internal_head__: 10000, accelerator_type:H100: 10000, GPU: 10000, memory: 664131020800000, CPU: 320000}}, "available": {node:10.153.51.195: 10000, object_store_memory: 327484723200000, node:__internal_head__: 10000, accelerator_type:H100: 10000, GPU: 10000, memory: 664131020800000, CPU: 320000}}, "labels":{"ray.io/node_id":"2f7fe2ddd5762cc8a1e7f9da2223784bc20b97bbad230ae86f24f062",}, "is_draining": 0, "draining_deadline_timestamp_ms": -1} { "placment group locations": [], "node to bundles": []}
[state-dump] Waiting tasks size: 0
[state-dump] Number of executing tasks: 0
[state-dump] Number of pinned task arguments: 0
[state-dump] Number of total spilled tasks: 0
[state-dump] Number of spilled waiting tasks: 0
[state-dump] Number of spilled unschedulable tasks: 0
[state-dump] Resource usage {
[state-dump] }
[state-dump] Backlog Size per scheduling descriptor :{workerId: num backlogs}:
[state-dump] 
[state-dump] Running tasks by scheduling class:
[state-dump] ==================================================
[state-dump] 
[state-dump] ClusterResources:
[state-dump] LocalObjectManager:
[state-dump] - num pinned objects: 0
[state-dump] - pinned objects size: 0
[state-dump] - num objects pending restore: 0
[state-dump] - num objects pending spill: 0
[state-dump] - num bytes pending spill: 0
[state-dump] - num bytes currently spilled: 0
[state-dump] - cumulative spill requests: 0
[state-dump] - cumulative restore requests: 0
[state-dump] - spilled objects pending delete: 0
[state-dump] 
[state-dump] ObjectManager:
[state-dump] - num local objects: 0
[state-dump] - num unfulfilled push requests: 0
[state-dump] - num object pull requests: 0
[state-dump] - num chunks received total: 0
[state-dump] - num chunks received failed (all): 0
[state-dump] - num chunks received failed / cancelled: 0
[state-dump] - num chunks received failed / plasma error: 0
[state-dump] Event stats:
[state-dump] Global stats: 0 total (0 active)
[state-dump] Queueing time: mean = -nan s, max = -0.000 s, min = 9223372036.855 s, total = 0.000 s
[state-dump] Execution time:  mean = -nan s, total = 0.000 s
[state-dump] Event stats:
[state-dump] PushManager:
[state-dump] - num pushes in flight: 0
[state-dump] - num chunks in flight: 0
[state-dump] - num chunks remaining: 0
[state-dump] - max chunks allowed: 409
[state-dump] OwnershipBasedObjectDirectory:
[state-dump] - num listeners: 0
[state-dump] - cumulative location updates: 0
[state-dump] - num location updates per second: 21827289979513332.000
[state-dump] - num location lookups per second: 21827289979509332.000
[state-dump] - num locations added per second: 0.000
[state-dump] - num locations removed per second: 0.000
[state-dump] BufferPool:
[state-dump] - create buffer state map size: 0
[state-dump] PullManager:
[state-dump] - num bytes available for pulled objects: 32748472320
[state-dump] - num bytes being pulled (all): 0
[state-dump] - num bytes being pulled / pinned: 0
[state-dump] - get request bundles: BundlePullRequestQueue{0 total, 0 active, 0 inactive, 0 unpullable}
[state-dump] - wait request bundles: BundlePullRequestQueue{0 total, 0 active, 0 inactive, 0 unpullable}
[state-dump] - task request bundles: BundlePullRequestQueue{0 total, 0 active, 0 inactive, 0 unpullable}
[state-dump] - first get request bundle: N/A
[state-dump] - first wait request bundle: N/A
[state-dump] - first task request bundle: N/A
[state-dump] - num objects queued: 0
[state-dump] - num objects actively pulled (all): 0
[state-dump] - num objects actively pulled / pinned: 0
[state-dump] - num bundles being pulled: 0
[state-dump] - num pull retries: 0
[state-dump] - max timeout seconds: 0
[state-dump] - max timeout request is already processed. No entry.
[state-dump] 
[state-dump] WorkerPool:
[state-dump] - registered jobs: 0
[state-dump] - process_failed_job_config_missing: 0
[state-dump] - process_failed_rate_limited: 0
[state-dump] - process_failed_pending_registration: 0
[state-dump] - process_failed_runtime_env_setup_failed: 0
[state-dump] - num JAVA workers: 0
[state-dump] - num JAVA drivers: 0
[state-dump] - num JAVA pending start requests: 0
[state-dump] - num JAVA pending registration requests: 0
[state-dump] - num object spill callbacks queued: 0
[state-dump] - num object restore queued: 0
[state-dump] - num util functions queued: 0
[state-dump] - num PYTHON workers: 0
[state-dump] - num PYTHON drivers: 0
[state-dump] - num PYTHON pending start requests: 0
[state-dump] - num PYTHON pending registration requests: 0
[state-dump] - num object spill callbacks queued: 0
[state-dump] - num object restore queued: 0
[state-dump] - num util functions queued: 0
[state-dump] - num idle workers: 0
[state-dump] TaskDependencyManager:
[state-dump] - task deps map size: 0
[state-dump] - get req map size: 0
[state-dump] - wait req map size: 0
[state-dump] - local objects map size: 0
[state-dump] WaitManager:
[state-dump] - num active wait requests: 0
[state-dump] Subscriber:
[state-dump] Channel WORKER_REF_REMOVED_CHANNEL
[state-dump] - cumulative subscribe requests: 0
[state-dump] - cumulative unsubscribe requests: 0
[state-dump] - active subscribed publishers: 0
[state-dump] - cumulative published messages: 0
[state-dump] - cumulative processed messages: 0
[state-dump] Channel WORKER_OBJECT_EVICTION
[state-dump] - cumulative subscribe requests: 0
[state-dump] - cumulative unsubscribe requests: 0
[state-dump] - active subscribed publishers: 0
[state-dump] - cumulative published messages: 0
[state-dump] - cumulative processed messages: 0
[state-dump] Channel WORKER_OBJECT_LOCATIONS_CHANNEL
[state-dump] - cumulative subscribe requests: 0
[state-dump] - cumulative unsubscribe requests: 0
[state-dump] - active subscribed publishers: 0
[state-dump] - cumulative published messages: 0
[state-dump] - cumulative processed messages: 0
[state-dump] num async plasma notifications: 0
[state-dump] Remote node managers: 
[state-dump] Event stats:
[state-dump] Global stats: 28 total (13 active)
[state-dump] Queueing time: mean = 2.318 ms, max = 14.408 ms, min = 14.428 us, total = 64.916 ms
[state-dump] Execution time:  mean = 36.978 ms, total = 1.035 s
[state-dump] Event stats:
[state-dump] 	PeriodicalRunner.RunFnPeriodically - 11 total (2 active, 1 running), Execution time: mean = 532.229 us, total = 5.855 ms, Queueing time: mean = 5.896 ms, max = 14.408 ms, min = 35.331 us, total = 64.861 ms
[state-dump] 	NodeManager.deadline_timer.flush_free_objects - 1 total (1 active), Execution time: mean = 0.000 s, total = 0.000 s, Queueing time: mean = 0.000 s, max = -0.000 s, min = 9223372036.855 s, total = 0.000 s
[state-dump] 	ray::rpc::InternalPubSubGcsService.grpc_client.GcsSubscriberCommandBatch.OnReplyReceived - 1 total (1 active), Execution time: mean = 0.000 s, total = 0.000 s, Queueing time: mean = 0.000 s, max = -0.000 s, min = 9223372036.855 s, total = 0.000 s
[state-dump] 	NodeManager.deadline_timer.debug_state_dump - 1 total (1 active), Execution time: mean = 0.000 s, total = 0.000 s, Queueing time: mean = 0.000 s, max = -0.000 s, min = 9223372036.855 s, total = 0.000 s
[state-dump] 	ObjectManager.UpdateAvailableMemory - 1 total (0 active), Execution time: mean = 3.760 us, total = 3.760 us, Queueing time: mean = 16.098 us, max = 16.098 us, min = 16.098 us, total = 16.098 us
[state-dump] 	NodeManager.ScheduleAndDispatchTasks - 1 total (1 active), Execution time: mean = 0.000 s, total = 0.000 s, Queueing time: mean = 0.000 s, max = -0.000 s, min = 9223372036.855 s, total = 0.000 s
[state-dump] 	ray::rpc::InternalKVGcsService.grpc_client.GetInternalConfig.OnReplyReceived - 1 total (0 active), Execution time: mean = 1.025 s, total = 1.025 s, Queueing time: mean = 14.428 us, max = 14.428 us, min = 14.428 us, total = 14.428 us
[state-dump] 	ray::rpc::InternalPubSubGcsService.grpc_client.GcsSubscriberPoll - 1 total (1 active), Execution time: mean = 0.000 s, total = 0.000 s, Queueing time: mean = 0.000 s, max = -0.000 s, min = 9223372036.855 s, total = 0.000 s
[state-dump] 	ray::rpc::InternalPubSubGcsService.grpc_client.GcsSubscriberCommandBatch - 1 total (0 active), Execution time: mean = 677.653 us, total = 677.653 us, Queueing time: mean = 0.000 s, max = -0.000 s, min = 9223372036.855 s, total = 0.000 s
[state-dump] 	NodeManager.GCTaskFailureReason - 1 total (1 active), Execution time: mean = 0.000 s, total = 0.000 s, Queueing time: mean = 0.000 s, max = -0.000 s, min = 9223372036.855 s, total = 0.000 s
[state-dump] 	NodeManager.deadline_timer.record_metrics - 1 total (1 active), Execution time: mean = 0.000 s, total = 0.000 s, Queueing time: mean = 0.000 s, max = -0.000 s, min = 9223372036.855 s, total = 0.000 s
[state-dump] 	RayletWorkerPool.deadline_timer.kill_idle_workers - 1 total (1 active), Execution time: mean = 0.000 s, total = 0.000 s, Queueing time: mean = 0.000 s, max = -0.000 s, min = 9223372036.855 s, total = 0.000 s
[state-dump] 	MemoryMonitor.CheckIsMemoryUsageAboveThreshold - 1 total (1 active), Execution time: mean = 0.000 s, total = 0.000 s, Queueing time: mean = 0.000 s, max = -0.000 s, min = 9223372036.855 s, total = 0.000 s
[state-dump] 	NodeManager.deadline_timer.spill_objects_when_over_threshold - 1 total (1 active), Execution time: mean = 0.000 s, total = 0.000 s, Queueing time: mean = 0.000 s, max = -0.000 s, min = 9223372036.855 s, total = 0.000 s
[state-dump] 	ClusterResourceManager.ResetRemoteNodeView - 1 total (1 active), Execution time: mean = 0.000 s, total = 0.000 s, Queueing time: mean = 0.000 s, max = -0.000 s, min = 9223372036.855 s, total = 0.000 s
[state-dump] 	ray::rpc::NodeInfoGcsService.grpc_client.RegisterNode.OnReplyReceived - 1 total (0 active), Execution time: mean = 268.318 us, total = 268.318 us, Queueing time: mean = 24.193 us, max = 24.193 us, min = 24.193 us, total = 24.193 us
[state-dump] 	ray::rpc::NodeInfoGcsService.grpc_client.RegisterNode - 1 total (0 active), Execution time: mean = 2.304 ms, total = 2.304 ms, Queueing time: mean = 0.000 s, max = -0.000 s, min = 9223372036.855 s, total = 0.000 s
[state-dump] 	ray::rpc::InternalKVGcsService.grpc_client.GetInternalConfig - 1 total (0 active), Execution time: mean = 1.421 ms, total = 1.421 ms, Queueing time: mean = 0.000 s, max = -0.000 s, min = 9223372036.855 s, total = 0.000 s
[state-dump] DebugString() time ms: 0
[state-dump] 
[state-dump] 
[2025-05-04 15:31:55,513 I 1715955 1715955] (raylet) accessor.cc:777: Received notification for node, IsAlive = 1 node_id=2f7fe2ddd5762cc8a1e7f9da2223784bc20b97bbad230ae86f24f062
[2025-05-04 15:31:55,558 I 1715955 1715955] (raylet) worker_pool.cc:522: Started worker process with pid 1716103, the token is 0
[2025-05-04 15:31:55,562 I 1715955 1715955] (raylet) worker_pool.cc:522: Started worker process with pid 1716104, the token is 1
[2025-05-04 15:31:55,567 I 1715955 1715955] (raylet) worker_pool.cc:522: Started worker process with pid 1716105, the token is 2
[2025-05-04 15:31:55,572 I 1715955 1715955] (raylet) worker_pool.cc:522: Started worker process with pid 1716106, the token is 3
[2025-05-04 15:31:55,576 I 1715955 1715955] (raylet) worker_pool.cc:522: Started worker process with pid 1716107, the token is 4
[2025-05-04 15:31:55,581 I 1715955 1715955] (raylet) worker_pool.cc:522: Started worker process with pid 1716108, the token is 5
[2025-05-04 15:31:55,586 I 1715955 1715955] (raylet) worker_pool.cc:522: Started worker process with pid 1716109, the token is 6
[2025-05-04 15:31:55,590 I 1715955 1715955] (raylet) worker_pool.cc:522: Started worker process with pid 1716110, the token is 7
[2025-05-04 15:31:55,594 I 1715955 1715955] (raylet) worker_pool.cc:522: Started worker process with pid 1716111, the token is 8
[2025-05-04 15:31:55,598 I 1715955 1715955] (raylet) worker_pool.cc:522: Started worker process with pid 1716112, the token is 9
[2025-05-04 15:31:55,602 I 1715955 1715955] (raylet) worker_pool.cc:522: Started worker process with pid 1716113, the token is 10
[2025-05-04 15:31:55,605 I 1715955 1715955] (raylet) worker_pool.cc:522: Started worker process with pid 1716114, the token is 11
[2025-05-04 15:31:55,609 I 1715955 1715955] (raylet) worker_pool.cc:522: Started worker process with pid 1716115, the token is 12
[2025-05-04 15:31:55,612 I 1715955 1715955] (raylet) worker_pool.cc:522: Started worker process with pid 1716116, the token is 13
[2025-05-04 15:31:55,614 I 1715955 1715955] (raylet) worker_pool.cc:522: Started worker process with pid 1716117, the token is 14
[2025-05-04 15:31:55,618 I 1715955 1715955] (raylet) worker_pool.cc:522: Started worker process with pid 1716118, the token is 15
[2025-05-04 15:31:55,621 I 1715955 1715955] (raylet) worker_pool.cc:522: Started worker process with pid 1716119, the token is 16
[2025-05-04 15:31:55,624 I 1715955 1715955] (raylet) worker_pool.cc:522: Started worker process with pid 1716120, the token is 17
[2025-05-04 15:31:55,642 I 1715955 1715955] (raylet) worker_pool.cc:522: Started worker process with pid 1716121, the token is 18
[2025-05-04 15:31:55,645 I 1715955 1715955] (raylet) worker_pool.cc:522: Started worker process with pid 1716122, the token is 19
[2025-05-04 15:31:55,650 I 1715955 1715955] (raylet) worker_pool.cc:522: Started worker process with pid 1716123, the token is 20
[2025-05-04 15:31:55,654 I 1715955 1715955] (raylet) worker_pool.cc:522: Started worker process with pid 1716124, the token is 21
[2025-05-04 15:31:55,658 I 1715955 1715955] (raylet) worker_pool.cc:522: Started worker process with pid 1716125, the token is 22
[2025-05-04 15:31:55,662 I 1715955 1715955] (raylet) worker_pool.cc:522: Started worker process with pid 1716126, the token is 23
[2025-05-04 15:31:55,666 I 1715955 1715955] (raylet) worker_pool.cc:522: Started worker process with pid 1716127, the token is 24
[2025-05-04 15:31:55,670 I 1715955 1715955] (raylet) worker_pool.cc:522: Started worker process with pid 1716128, the token is 25
[2025-05-04 15:31:55,674 I 1715955 1715955] (raylet) worker_pool.cc:522: Started worker process with pid 1716129, the token is 26
[2025-05-04 15:31:55,678 I 1715955 1715955] (raylet) worker_pool.cc:522: Started worker process with pid 1716130, the token is 27
[2025-05-04 15:31:55,681 I 1715955 1715955] (raylet) worker_pool.cc:522: Started worker process with pid 1716131, the token is 28
[2025-05-04 15:31:55,685 I 1715955 1715955] (raylet) worker_pool.cc:522: Started worker process with pid 1716132, the token is 29
[2025-05-04 15:31:55,689 I 1715955 1715955] (raylet) worker_pool.cc:522: Started worker process with pid 1716133, the token is 30
[2025-05-04 15:31:55,692 I 1715955 1715955] (raylet) worker_pool.cc:522: Started worker process with pid 1716134, the token is 31
[2025-05-04 15:31:56,528 I 1715955 1715983] (raylet) object_store.cc:35: Object store current usage 8e-09 / 32.7485 GB.
[2025-05-04 15:31:56,820 I 1715955 1715955] (raylet) worker_pool.cc:719: Job 01000000 already started in worker pool.
[2025-05-04 15:32:00,509 W 1715955 1715955] (raylet) memory_monitor.cc:198: Got negative used memory for cgroup -1, setting it to zero
[2025-05-04 15:32:05,515 W 1715955 1715955] (raylet) memory_monitor.cc:198: Got negative used memory for cgroup -1, setting it to zero
[2025-05-04 15:32:10,514 I 1715955 1715955] (raylet) local_resource_manager.cc:292: Object store memory is not idle.
[2025-05-04 15:32:10,521 W 1715955 1715955] (raylet) memory_monitor.cc:198: Got negative used memory for cgroup -1, setting it to zero
[2025-05-04 15:32:10,715 I 1715955 1715955] (raylet) local_resource_manager.cc:292: Object store memory is not idle.
[2025-05-04 15:32:15,528 W 1715955 1715955] (raylet) memory_monitor.cc:198: Got negative used memory for cgroup -1, setting it to zero
[2025-05-04 15:32:15,952 I 1715955 1715955] (raylet) node_manager.cc:1549: NodeManager::DisconnectClient, disconnect_type=2, has creation task exception = true
[2025-05-04 15:32:15,952 I 1715955 1715955] (raylet) node_manager.cc:1578: Formatted creation task exception: Traceback (most recent call last):

  File "python/ray/_raylet.pyx", line 1877, in ray._raylet.execute_task

  File "python/ray/_raylet.pyx", line 1979, in ray._raylet.execute_task

  File "python/ray/_raylet.pyx", line 1883, in ray._raylet.execute_task

  File "python/ray/_raylet.pyx", line 1824, in ray._raylet.execute_task.function_executor

  File "/home/wiss/liao/miniconda3/envs/easyr1/lib/python3.11/site-packages/ray/_private/function_manager.py", line 696, in actor_method_executor
    return method(__ray_actor, *args, **kwargs)
           ^^^^^^^^^^^^^^^^^^^^^^^^^^^^^^^^^^^^

  File "/home/wiss/liao/miniconda3/envs/easyr1/lib/python3.11/site-packages/ray/util/tracing/tracing_helper.py", line 463, in _resume_span
    return method(self, *_args, **_kwargs)
           ^^^^^^^^^^^^^^^^^^^^^^^^^^^^^^^

  File "/home/stud/wxie/EasyR1/verl/workers/reward/function.py", line 46, in __init__
    raise ValueError("Reward function is not provided.")

ValueError: Reward function is not provided.


During handling of the above exception, another exception occurred:


Traceback (most recent call last):

  File "python/ray/_raylet.pyx", line 2276, in ray._raylet.task_execution_handler

  File "python/ray/_raylet.pyx", line 2172, in ray._raylet.execute_task_with_cancellation_handler

  File "python/ray/_raylet.pyx", line 1826, in ray._raylet.execute_task

  File "python/ray/_raylet.pyx", line 1827, in ray._raylet.execute_task

  File "python/ray/_raylet.pyx", line 2066, in ray._raylet.execute_task

  File "python/ray/_raylet.pyx", line 1093, in ray._raylet.store_task_errors

ray.exceptions.ActorDiedError: The actor died because of an error raised in its creation task, [36mray::BatchFunctionRewardManager.__init__()[39m (pid=1716111, ip=10.153.51.195, actor_id=19d4bf340a1382882baded6e01000000, repr=<verl.workers.reward.function.BatchFunctionRewardManager object at 0x700654759fd0>)
           ^^^^^^^^^^^^^^^^^^^^^^^^^^^^^^^^^^^^
           ^^^^^^^^^^^^^^^^^^^^^^^^^^^^^^^
  File "/home/stud/wxie/EasyR1/verl/workers/reward/function.py", line 46, in __init__
    raise ValueError("Reward function is not provided.")
ValueError: Reward function is not provided.
 worker_id=08aded8513595681463030e9985191de1eeec1f97f08656093538157
[2025-05-04 15:32:16,018 I 1715955 1715955] (raylet) local_resource_manager.cc:292: Object store memory is not idle.
[2025-05-04 15:32:16,329 I 1715955 1715955] (raylet) node_manager.cc:1549: NodeManager::DisconnectClient, disconnect_type=2, has creation task exception = true
[2025-05-04 15:32:16,329 I 1715955 1715955] (raylet) node_manager.cc:1578: Formatted creation task exception: Traceback (most recent call last):

  File "python/ray/_raylet.pyx", line 1877, in ray._raylet.execute_task

  File "python/ray/_raylet.pyx", line 1979, in ray._raylet.execute_task

  File "python/ray/_raylet.pyx", line 1883, in ray._raylet.execute_task

  File "python/ray/_raylet.pyx", line 1824, in ray._raylet.execute_task.function_executor

  File "/home/wiss/liao/miniconda3/envs/easyr1/lib/python3.11/site-packages/ray/_private/function_manager.py", line 696, in actor_method_executor
    return method(__ray_actor, *args, **kwargs)
           ^^^^^^^^^^^^^^^^^^^^^^^^^^^^^^^^^^^^

  File "/home/wiss/liao/miniconda3/envs/easyr1/lib/python3.11/site-packages/ray/util/tracing/tracing_helper.py", line 463, in _resume_span
    return method(self, *_args, **_kwargs)
           ^^^^^^^^^^^^^^^^^^^^^^^^^^^^^^^

  File "/home/stud/wxie/EasyR1/verl/workers/reward/function.py", line 46, in __init__
    raise ValueError("Reward function is not provided.")

ValueError: Reward function is not provided.


During handling of the above exception, another exception occurred:


Traceback (most recent call last):

  File "python/ray/_raylet.pyx", line 2276, in ray._raylet.task_execution_handler

  File "python/ray/_raylet.pyx", line 2172, in ray._raylet.execute_task_with_cancellation_handler

  File "python/ray/_raylet.pyx", line 1826, in ray._raylet.execute_task

  File "python/ray/_raylet.pyx", line 1827, in ray._raylet.execute_task

  File "python/ray/_raylet.pyx", line 2066, in ray._raylet.execute_task

  File "python/ray/_raylet.pyx", line 1093, in ray._raylet.store_task_errors

ray.exceptions.ActorDiedError: The actor died because of an error raised in its creation task, [36mray::BatchFunctionRewardManager.__init__()[39m (pid=1716104, ip=10.153.51.195, actor_id=fc68fbbab262b157c59789b601000000, repr=<verl.workers.reward.function.BatchFunctionRewardManager object at 0x7dd19c2b20d0>)
           ^^^^^^^^^^^^^^^^^^^^^^^^^^^^^^^^^^^^
           ^^^^^^^^^^^^^^^^^^^^^^^^^^^^^^^
  File "/home/stud/wxie/EasyR1/verl/workers/reward/function.py", line 46, in __init__
    raise ValueError("Reward function is not provided.")
ValueError: Reward function is not provided.
 worker_id=f629c375a5e454573f3c37946f46f7da788b518dae56c867966e88b3
[2025-05-04 15:32:16,419 I 1715955 1715955] (raylet) local_resource_manager.cc:288: Object store memory is idle.
[2025-05-04 15:32:18,752 I 1715955 1715955] (raylet) node_manager.cc:1549: NodeManager::DisconnectClient, disconnect_type=1, has creation task exception = false
[2025-05-04 15:32:19,325 I 1715955 1715955] (raylet) node_manager.cc:1549: NodeManager::DisconnectClient, disconnect_type=3, has creation task exception = false
[2025-05-04 15:32:19,326 I 1715955 1715955] (raylet) node_manager.cc:1654: Driver (pid=1715319) is disconnected. worker_id=01000000ffffffffffffffffffffffffffffffffffffffffffffffff job_id=01000000
[2025-05-04 15:32:19,329 I 1715955 1715955] (raylet) worker_pool.cc:719: Job 01000000 already started in worker pool.
[2025-05-04 15:32:19,382 I 1715955 1715955] (raylet) main.cc:506: received SIGTERM. Existing local drain request = None
[2025-05-04 15:32:19,382 I 1715955 1715955] (raylet) main.cc:307: Raylet graceful shutdown triggered, reason = EXPECTED_TERMINATION, reason message = received SIGTERM
[2025-05-04 15:32:19,382 I 1715955 1715955] (raylet) main.cc:310: Shutting down...
[2025-05-04 15:32:19,382 I 1715955 1715955] (raylet) accessor.cc:511: Unregistering node node_id=2f7fe2ddd5762cc8a1e7f9da2223784bc20b97bbad230ae86f24f062
[2025-05-04 15:32:19,384 I 1715955 1715955] (raylet) accessor.cc:524: Finished unregistering node info, status = OK node_id=2f7fe2ddd5762cc8a1e7f9da2223784bc20b97bbad230ae86f24f062
[2025-05-04 15:32:19,390 I 1715955 1715955] (raylet) agent_manager.cc:113: Killing agent dashboard_agent/424238335, pid 1716079.
[2025-05-04 15:32:19,409 I 1715955 1716080] (raylet) agent_manager.cc:80: Agent process with name dashboard_agent/424238335 exited, exit code 0.
[2025-05-04 15:32:19,409 I 1715955 1715955] (raylet) agent_manager.cc:113: Killing agent runtime_env_agent, pid 1716081.
[2025-05-04 15:32:19,417 I 1715955 1716082] (raylet) agent_manager.cc:80: Agent process with name runtime_env_agent exited, exit code 0.
[2025-05-04 15:32:19,418 I 1715955 1715955] (raylet) io_service_pool.cc:47: IOServicePool is stopped.
[2025-05-04 15:32:19,506 I 1715955 1715955] (raylet) stats.h:120: Stats module has shutdown.
